// Jest Snapshot v1, https://goo.gl/fbAQLP

exports[`productiv Footer matches snapshot 1`] = `
<div>
  <footer
    class="App-footer mt-5 text-muted"
  >
    <small>
      Prødutïv is copyright ©2020 by Flüffy Data Enterprises, Inc.
    </small>
  </footer>
</div>
`;
